// Jest Snapshot v1, https://goo.gl/fbAQLP

exports[`<Form /> rendering renders correctly 1`] = `ReactWrapper {}`;
